<html>
<body>
<pre>
<h1>µVision Build Log</h1>
<h2>Tool Versions:</h2>
IDE-Version: ¦ÌVision V5.35.0.0
Copyright (C) 2021 ARM Ltd and ARM Germany GmbH. All rights reserved.
License Information: aaaaa Administrator, aaaaaa, LIC=585FJ-UTB4D-30DNC-7JM69-UDXA2-8VKL7
 
Tool Versions:
Toolchain:       MDK-ARM Plus  Version: 5.35.0.2
Toolchain Path:  D:\Keil_v5\ARM\ARMCLANG\Bin
C Compiler:      ArmClang.exe V6.16
Assembler:       Armasm.exe V6.16
Linker/Locator:  ArmLink.exe V6.16
Library Manager: ArmAr.exe V6.16
Hex Converter:   FromElf.exe V6.16
CPU DLL:         SARMCM3.DLL V5.35.0.2
Dialog DLL:      DCM.DLL V1.17.3.0
Target DLL:      CMSIS_AGDI.dll V1.33.0.0
Dialog DLL:      TCM.DLL V1.53.0.0
 
<h2>Project:</h2>
C:\Users\Administrator.DESKTOP-U9VAO51\Desktop\test\testPowerlink.uvprojx
Project File Date:  05/26/2023

<h2>Output:</h2>
*** Using Compiler 'V6.16', folder: 'D:\Keil_v5\ARM\ARMCLANG\Bin'
Rebuild target 'Target 1'
compiling stdout_USART.c...
compiling LED.c...
compiling main.c...
compiling socket.c...
compiling utility.c...
compiling w5500.c...
compiling netif-stm32.c...
compiling w5500_conf.c...
compiling target-mutex.c...
compiling target-stm32.c...
compiling ami.c...
compiling bufalloc.c...
compiling circbuffer.c...
compiling dllcal-direct.c...
compiling circbuf-stm32.c...
compiling memmap-null.c...
compiling ctrlk.c...
compiling debugstr.c...
compiling ctrlkcal-direct.c...
compiling dllk.c...
compiling dllkcal.c...
compiling dllkcal-circbuf.c...
compiling dllkevent.c...
compiling dllkfilter.c...
compiling dllkframe.c...
compiling dllknode.c...
compiling dllkstatemachine.c...
compiling edrv-rawsock_stm32.c...
compiling errhndk.c...
compiling errhndkcal.c...
compiling errhndkcal-local.c...
compiling eventk.c...
compiling eventkcalintf-circbuf.c...
compiling eventkcal-stm32.c...
compiling ledk.c...
compiling ledktimer.c...
compiling nmtk.c...
compiling pdokcal.c...
compiling pdok.c...
compiling pdokcalmem-local.c...
compiling pdokcal-triplebufshm.c...
compiling pdoklut.c...
compiling hrestimer-stm32.c...
compiling timesynckcal-local.c...
compiling timesynck.c...
compiling sdotest.c...
compiling processimage.c...
compiling generic.c...
compiling service.c...
compiling ctrlucal-direct.c...
compiling ctrlu.c...
compiling dllucal.c...
compiling dllucal-circbuf.c...
compiling errhndu.c...
compiling errhnducal-local.c...
compiling eventu.c...
compiling eventucalintf-circbuf.c...
compiling eventucal-stm32.c...
compiling identu.c...
compiling nmtcnu.c...
compiling nmtmnu.c...
compiling nmtu.c...
compiling statusu.c...
compiling syncu.c...
compiling obdal.c...
compiling obdcdc.c...
compiling obdconfcrc-generic.c...
compiling obdconf-fileio.c...
compiling pdou.c...
compiling pdoucal.c...
compiling obdu.c...
compiling pdoucalmem-local.c...
compiling pdoucal-triplebufshm.c...
compiling sdoasnd.c...
compiling sdocom.c...
compiling sdocom-dummy.c...
compiling sdocomclt.c...
compiling sdocom-std.c...
compiling sdocomsrv.c...
compiling sdotest-com.c...
compiling sdotest-seq.c...
compiling sdoseq.c...
compiling timesyncu.c...
compiling timesyncucal-local.c...
compiling timer-stm32user.c...
compiling trace-printf.c...
compiling cfmu.c...
assembling irq_armv7m.S...
compiling rtx_delay.c...
compiling rtx_evflags.c...
compiling rtx_evr.c...
compiling rtx_lib.c...
compiling rtx_kernel.c...
compiling rtx_memory.c...
compiling rtx_mempool.c...
compiling rtx_msgqueue.c...
compiling rtx_mutex.c...
compiling rtx_system.c...
compiling rtx_semaphore.c...
compiling os_systick.c...
compiling rtx_thread.c...
compiling rtx_timer.c...
compiling RTX_Config.c...
compiling SPI_STM32F10x.c...
compiling EventRecorder.c...
compiling USART_STM32F10x.c...
compiling retarget_io.c...
compiling misc.c...
compiling stm32f10x_dma.c...
compiling stm32f10x_exti.c...
compiling stm32f10x_gpio.c...
compiling stm32f10x_rcc.c...
compiling stm32f10x_rtc.c...
compiling stm32f10x_spi.c...
compiling stm32f10x_usart.c...
compiling stm32f10x_tim.c...
compiling DMA_STM32F10x.c...
compiling GPIO_STM32F10x.c...
assembling startup_stm32f10x_hd.s...
compiling system_stm32f10x.c...
linking...
Program Size: Code=25084 RO-data=1344 RW-data=208 ZI-data=39264  
FromELF: creating hex file...
".\Objects\testPowerlink.axf" - 0 Error(s), 0 Warning(s).

<h2>Software Packages used:</h2>

Package Vendor: ARM
                http://www.keil.com/pack/ARM.CMSIS.5.8.0.pack
                ARM.CMSIS.5.8.0
                CMSIS (Common Microcontroller Software Interface Standard)
   * Component: SPI Version: 2.3.0
   * Component: USART Version: 2.4.0
   * Component: RTOS2 Version: 2.1.3
   * Component: CORE Version: 5.5.0
   * Component: Keil RTX5 Variant: Source Version: 5.5.3

Package Vendor: Keil
                http://www.keil.com/pack/Keil.ARM_Compiler.1.6.3.pack
                Keil.ARM_Compiler.1.6.3
                Keil ARM Compiler extensions for ARM Compiler 5 and ARM Compiler 6
   * Component: Event Recorder Variant: DAP Version: 1.4.0
   * Component: STDOUT Variant: User Version: 1.2.0

Package Vendor: Keil
                http://www.keil.com/pack/Keil.STM32F1xx_DFP.2.4.0.pack
                Keil.STM32F1xx_DFP.2.4.0
                STMicroelectronics STM32F1 Series Device Support, Drivers and Examples
   * Component: SPI Version: 2.2
   * Component: USART Version: 2.3
   * Component: DMA Version: 1.3
   * Component: GPIO Version: 1.3
   * Component: Startup Version: 1.0.0
   * Component: DMA Version: 3.6.0
   * Component: EXTI Version: 3.6.0
   * Component: Framework Version: 3.6.0
   * Component: GPIO Version: 3.6.0
   * Component: RCC Version: 3.6.0
   * Component: RTC Version: 3.6.0
   * Component: SPI Version: 3.6.0
   * Component: TIM Version: 3.6.0
   * Component: USART Version: 3.6.0

<h2>Collection of Component include folders:</h2>
  .\RTE\CMSIS
  .\RTE\Compiler
  .\RTE\Device\STM32F103RC
  .\RTE\_Target_1
  D:\Users\Administrator.DESKTOP-U9VAO51\AppData\Local\Arm\Packs\ARM\CMSIS\5.8.0\CMSIS\Core\Include
  D:\Users\Administrator.DESKTOP-U9VAO51\AppData\Local\Arm\Packs\ARM\CMSIS\5.8.0\CMSIS\Driver\Include
  D:\Users\Administrator.DESKTOP-U9VAO51\AppData\Local\Arm\Packs\ARM\CMSIS\5.8.0\CMSIS\RTOS2\Include
  D:\Users\Administrator.DESKTOP-U9VAO51\AppData\Local\Arm\Packs\ARM\CMSIS\5.8.0\CMSIS\RTOS2\RTX\Include
  D:\Users\Administrator.DESKTOP-U9VAO51\AppData\Local\Arm\Packs\Keil\ARM_Compiler\1.6.3\Include
  D:\Users\Administrator.DESKTOP-U9VAO51\AppData\Local\Arm\Packs\Keil\STM32F1xx_DFP\2.4.0\Device\Include
  D:\Users\Administrator.DESKTOP-U9VAO51\AppData\Local\Arm\Packs\Keil\STM32F1xx_DFP\2.4.0\Device\StdPeriph_Driver\inc
  D:\Users\Administrator.DESKTOP-U9VAO51\AppData\Local\Arm\Packs\Keil\STM32F1xx_DFP\2.4.0\RTE_Driver

<h2>Collection of Component Files used:</h2>

   * Component: ::CMSIS Driver:SPI:2.3.0 (API)
      Include file:  CMSIS\Driver\Include\Driver_SPI.h

   * Component: ::CMSIS Driver:USART:2.4.0 (API)
      Include file:  CMSIS\Driver\Include\Driver_USART.h

   * Component: ::CMSIS:RTOS2:2.1.3 (API)
      Include file:  CMSIS\RTOS2\Include\cmsis_os2.h

   * Component: ARM::CMSIS:CORE:5.5.0

   * Component: ARM::CMSIS:RTOS2:Keil RTX5:Source:5.5.3
      Source file:   CMSIS\RTOS2\RTX\Template\Events.c
      Source file:   CMSIS\RTOS2\RTX\Config\RTX_Config.c
      Source file:   CMSIS\RTOS2\RTX\Template\MemPool.c
      Source file:   CMSIS\RTOS2\RTX\Template\Semaphore.c
      Include file:  CMSIS\RTOS2\RTX\Include\rtx_os.h
      Source file:   CMSIS\RTOS2\RTX\Template\Thread.c
      Source file:   CMSIS\RTOS2\RTX\Template\Timer.c
      Source file:   CMSIS\RTOS2\RTX\Template\svc_user.c
      Source file:   CMSIS\RTOS2\RTX\Source\rtx_thread.c
      Source file:   CMSIS\RTOS2\RTX\Template\MsgQueue.c
      Source file:   CMSIS\RTOS2\RTX\Source\rtx_kernel.c
      Source file:   CMSIS\RTOS2\RTX\Source\rtx_delay.c
      Include file:  CMSIS\RTOS2\RTX\Config\RTX_Config.h
      Source file:   CMSIS\RTOS2\RTX\Template\Mutex.c
      Source file:   CMSIS\RTOS2\RTX\Source\rtx_timer.c
      Source file:   CMSIS\RTOS2\RTX\Template\main.c
      Source file:   CMSIS\RTOS2\RTX\Source\rtx_msgqueue.c
      Source file:   CMSIS\RTOS2\RTX\Source\rtx_mempool.c
      Source file:   CMSIS\RTOS2\RTX\Source\rtx_memory.c
      Source file:   CMSIS\RTOS2\RTX\Source\rtx_evr.c
      Source file:   CMSIS\RTOS2\RTX\Source\rtx_lib.c
      Source file:   CMSIS\RTOS2\RTX\Source\GCC\irq_armv7m.S
      Source file:   CMSIS\RTOS2\RTX\Source\rtx_semaphore.c
      Source file:   CMSIS\RTOS2\RTX\Source\rtx_mutex.c
      Source file:   CMSIS\RTOS2\RTX\Source\rtx_system.c
      Source file:   CMSIS\RTOS2\RTX\Source\rtx_evflags.c
      Source file:   CMSIS\RTOS2\Source\os_systick.c

   * Component: Keil.ARM Compiler::Compiler:Event Recorder:DAP:1.4.0
      Include file:  Config\EventRecorderConf.h
      Include file:  Include\EventRecorder.h
      Source file:   Source\EventRecorder.c

   * Component: Keil.ARM Compiler::Compiler:I/O:STDOUT:User:1.2.0
      Source file:   Template\stdout_user.c
      Source file:   Source\retarget_io.c
      Source file:   Template\stdout_display.c
      Source file:   Template\stdout_USART.c

   * Component: Keil::CMSIS Driver:SPI:2.2
      Source file:   RTE_Driver\SPI_STM32F10x.c

   * Component: Keil::CMSIS Driver:USART:2.3
      Source file:   RTE_Driver\USART_STM32F10x.c

   * Component: Keil::Device:DMA:1.3
      Include file:  RTE_Driver\DMA_STM32F10x.h
      Source file:   RTE_Driver\DMA_STM32F10x.c

   * Component: Keil::Device:GPIO:1.3
      Source file:   RTE_Driver\GPIO_STM32F10x.c
      Include file:  RTE_Driver\GPIO_STM32F10x.h

   * Component: Keil::Device:Startup:1.0.0
      Include file:  RTE_Driver\Config\RTE_Device.h
      Source file:   Device\Source\ARM\STM32F1xx_OPT.s
      Source file:   Device\Source\ARM\startup_stm32f10x_hd.s
      Source file:   Device\Source\system_stm32f10x.c

   * Component: Keil::Device:StdPeriph Drivers:DMA:3.6.0
      Include file:  Device\StdPeriph_Driver\inc\stm32f10x_dma.h
      Source file:   Device\StdPeriph_Driver\src\stm32f10x_dma.c

   * Component: Keil::Device:StdPeriph Drivers:EXTI:3.6.0
      Include file:  Device\StdPeriph_Driver\inc\stm32f10x_exti.h
      Source file:   Device\StdPeriph_Driver\src\stm32f10x_exti.c

   * Component: Keil::Device:StdPeriph Drivers:Framework:3.6.0
      Source file:   Device\StdPeriph_Driver\src\misc.c
      Source file:   Device\StdPeriph_Driver\templates\stm32f10x_conf.h
      Include file:  Device\StdPeriph_Driver\templates\stm32f10x_it.h
      Include file:  Device\StdPeriph_Driver\inc\misc.h
      Source file:   Device\StdPeriph_Driver\templates\stm32f10x_it.c

   * Component: Keil::Device:StdPeriph Drivers:GPIO:3.6.0
      Source file:   Device\StdPeriph_Driver\src\stm32f10x_gpio.c
      Include file:  Device\StdPeriph_Driver\inc\stm32f10x_gpio.h

   * Component: Keil::Device:StdPeriph Drivers:RCC:3.6.0
      Include file:  Device\StdPeriph_Driver\inc\stm32f10x_rcc.h
      Source file:   Device\StdPeriph_Driver\src\stm32f10x_rcc.c

   * Component: Keil::Device:StdPeriph Drivers:RTC:3.6.0
      Source file:   Device\StdPeriph_Driver\src\stm32f10x_rtc.c
      Include file:  Device\StdPeriph_Driver\inc\stm32f10x_rtc.h

   * Component: Keil::Device:StdPeriph Drivers:SPI:3.6.0
      Include file:  Device\StdPeriph_Driver\inc\stm32f10x_spi.h
      Source file:   Device\StdPeriph_Driver\src\stm32f10x_spi.c

   * Component: Keil::Device:StdPeriph Drivers:TIM:3.6.0
      Include file:  Device\StdPeriph_Driver\inc\stm32f10x_tim.h
      Source file:   Device\StdPeriph_Driver\src\stm32f10x_tim.c

   * Component: Keil::Device:StdPeriph Drivers:USART:3.6.0
      Include file:  Device\StdPeriph_Driver\inc\stm32f10x_usart.h
      Source file:   Device\StdPeriph_Driver\src\stm32f10x_usart.c
Build Time Elapsed:  00:00:47
</pre>
</body>
</html>
